// Jest Snapshot v1, https://goo.gl/fbAQLP

exports[`SearchBar component UI SearchBar  1`] = `
<div>
  <div
    class="searchbar"
  >
    <p>
      <small>
        Insert a comma after each keyword
      </small>
    </p>
    <div
      class="react-tags"
    >
      <div
        aria-live="polite"
        aria-relevant="additions removals"
        class="react-tags__selected"
      />
      <div
        class="react-tags__search"
      >
        <div
          class="react-tags__search-wrapper"
        >
          <input
            aria-autocomplete="list"
            aria-expanded="false"
            aria-label="Add keywords"
            aria-owns="ReactTags"
            class="react-tags__search-input"
            placeholder="Add keywords"
            role="combobox"
            style="width: 2px;"
            value=""
          />
          <div
            style="position: absolute; width: 0px; height: 0px; visibility: hidden; overflow: scroll; white-space: pre; font-family: -webkit-small-control; letter-spacing: normal; text-transform: none;"
          >
            Add keywords
          </div>
        </div>
      </div>
    </div>
    <div
      class="filter-container"
    >
      <button>
        FILTER
      </button>
      <button>
        RESET
      </button>
      <div
        class="filter-container__choices"
      >
        <div
          class="filter__choice"
        >
          <input
            checked=""
            id="or"
            name="filter"
            type="radio"
            value="or"
          />
          <label
            for="or"
          >
            ||
          </label>
        </div>
        <div
          class="filter__choice"
        >
          <input
            id="and"
            name="filter"
            type="radio"
            value="and"
          />
          <label
            for="and"
          >
            &&
          </label>
        </div>
      </div>
    </div>
  </div>
</div>
`;

exports[`SearchBar component UI SearchBar 1`] = `
<div>
  <div
    class="searchbar"
  >
    <p>
      <small>
        Insert a comma after each keyword
      </small>
    </p>
    <div
      class="react-tags"
    >
      <div
        aria-live="polite"
        aria-relevant="additions removals"
        class="react-tags__selected"
      />
      <div
        class="react-tags__search"
      >
        <div
          class="react-tags__search-wrapper"
        >
          <input
            aria-autocomplete="list"
            aria-expanded="false"
            aria-label="Add keywords"
            aria-owns="ReactTags"
            class="react-tags__search-input"
            placeholder="Add keywords"
            role="combobox"
            style="width: 2px;"
            value=""
          />
          <div
            style="position: absolute; width: 0px; height: 0px; visibility: hidden; overflow: scroll; white-space: pre; font-family: -webkit-small-control; letter-spacing: normal; text-transform: none;"
          >
            Add keywords
          </div>
        </div>
      </div>
    </div>
    <div
      class="filter-container"
    >
      <button>
        FILTER
      </button>
      <button>
        RESET
      </button>
      <div
        class="filter-container__choices"
      >
        <div
          class="filter__choice"
        >
          <input
            checked=""
            id="or"
            name="filter"
            type="radio"
            value="or"
          />
          <label
            for="or"
          >
            ||
          </label>
        </div>
        <div
          class="filter__choice"
        >
          <input
            id="and"
            name="filter"
            type="radio"
            value="and"
          />
          <label
            for="and"
          >
            &&
          </label>
        </div>
      </div>
    </div>
  </div>
</div>
`;
